2026-10-06T21:18:56.560547Z  INFO tailwindcss_oxide::scanner: Provided sources:
2026-10-06T21:18:56.560601Z  INFO tailwindcss_oxide::scanner: Source: PublicSourceEntry { base: "/Volumes/homes/adminLAZENIA/python/PinadaSun", pattern: "**/*", negated: false }
2026-10-06T21:18:56.562518Z  INFO tailwindcss_oxide::scanner: Optimized sources:
2026-10-06T21:18:56.562531Z  INFO tailwindcss_oxide::scanner: Source: Auto { base: "/Volumes/homes/adminLAZENIA/python/PinadaSun" }
2026-10-06T21:18:56.573046Z  INFO scan_sources: tailwindcss_oxide::scanner: enter
2026-10-06T21:18:56.654586Z  INFO scan_sources: tailwindcss_oxide::scanner: Discovering "/Volumes/homes/adminLAZENIA/python/PinadaSun/.dockerignore"
2026-10-06T21:18:56.654628Z  INFO scan_sources: tailwindcss_oxide::scanner: Discovering "/Volumes/homes/adminLAZENIA/python/PinadaSun/.env.example"
2026-10-06T21:18:56.654659Z  INFO scan_sources: tailwindcss_oxide::scanner: Discovering "/Volumes/homes/adminLAZENIA/python/PinadaSun/Dockerfile"
2026-10-06T21:18:56.654681Z  INFO scan_sources: tailwindcss_oxide::scanner: Discovering "/Volumes/homes/adminLAZENIA/python/PinadaSun/docker-compose.yml"
2026-10-06T21:18:56.654707Z  INFO scan_sources: tailwindcss_oxide::scanner: Discovering "/Volumes/homes/adminLAZENIA/python/PinadaSun/drizzle.config.json"
2026-10-06T21:18:56.654727Z  INFO scan_sources: tailwindcss_oxide::scanner: Discovering "/Volumes/homes/adminLAZENIA/python/PinadaSun/drizzle.config.ts"
2026-10-06T21:18:56.654746Z  INFO scan_sources: tailwindcss_oxide::scanner: Discovering "/Volumes/homes/adminLAZENIA/python/PinadaSun/eslint.config.mjs"
2026-10-06T21:18:56.654767Z  INFO scan_sources: tailwindcss_oxide::scanner: Discovering "/Volumes/homes/adminLAZENIA/python/PinadaSun/next.config.ts"
2026-10-06T21:18:56.654797Z  INFO scan_sources: tailwindcss_oxide::scanner: Discovering "/Volumes/homes/adminLAZENIA/python/PinadaSun/package.json"
2026-10-06T21:18:56.654816Z  INFO scan_sources: tailwindcss_oxide::scanner: Discovering "/Volumes/homes/adminLAZENIA/python/PinadaSun/postcss.config.mjs"
2026-10-06T21:18:56.654834Z  INFO scan_sources: tailwindcss_oxide::scanner: Discovering "/Volumes/homes/adminLAZENIA/python/PinadaSun/tsconfig.json"
2026-10-06T21:18:56.656451Z  INFO scan_sources: tailwindcss_oxide::scanner: Discovering "/Volumes/homes/adminLAZENIA/python/PinadaSun/public"
2026-10-06T21:18:56.658470Z  INFO scan_sources: tailwindcss_oxide::scanner: Discovering "/Volumes/homes/adminLAZENIA/python/PinadaSun/public/images"
2026-10-06T21:18:56.660460Z  INFO scan_sources: tailwindcss_oxide::scanner: Discovering "/Volumes/homes/adminLAZENIA/python/PinadaSun/src"
2026-10-06T21:18:56.662439Z  INFO scan_sources: tailwindcss_oxide::scanner: Discovering "/Volumes/homes/adminLAZENIA/python/PinadaSun/src/app"
2026-10-06T21:18:56.664444Z  INFO scan_sources: tailwindcss_oxide::scanner: Discovering "/Volumes/homes/adminLAZENIA/python/PinadaSun/src/app/api"
2026-10-06T21:18:56.666443Z  INFO scan_sources: tailwindcss_oxide::scanner: Discovering "/Volumes/homes/adminLAZENIA/python/PinadaSun/src/app/api/auth"
2026-10-06T21:18:56.668646Z  INFO scan_sources: tailwindcss_oxide::scanner: Discovering "/Volumes/homes/adminLAZENIA/python/PinadaSun/src/app/api/auth/login"
2026-10-06T21:18:56.668734Z  INFO scan_sources: tailwindcss_oxide::scanner: Discovering "/Volumes/homes/adminLAZENIA/python/PinadaSun/src/app/api/auth/login/route.ts"
2026-10-06T21:18:56.670462Z  INFO scan_sources: tailwindcss_oxide::scanner: Discovering "/Volumes/homes/adminLAZENIA/python/PinadaSun/src/app/api/auth/logout"
2026-10-06T21:18:56.670548Z  INFO scan_sources: tailwindcss_oxide::scanner: Discovering "/Volumes/homes/adminLAZENIA/python/PinadaSun/src/app/api/auth/logout/route.ts"
2026-10-06T21:18:56.672480Z  INFO scan_sources: tailwindcss_oxide::scanner: Discovering "/Volumes/homes/adminLAZENIA/python/PinadaSun/src/app/api/auth/me"
2026-10-06T21:18:56.672574Z  INFO scan_sources: tailwindcss_oxide::scanner: Discovering "/Volumes/homes/adminLAZENIA/python/PinadaSun/src/app/api/auth/me/route.ts"
2026-10-06T21:18:56.674505Z  INFO scan_sources: tailwindcss_oxide::scanner: Discovering "/Volumes/homes/adminLAZENIA/python/PinadaSun/src/app/api/auth/forgot-password"
2026-10-06T21:18:56.674601Z  INFO scan_sources: tailwindcss_oxide::scanner: Discovering "/Volumes/homes/adminLAZENIA/python/PinadaSun/src/app/api/auth/forgot-password/route.ts"
2026-10-06T21:18:56.676445Z  INFO scan_sources: tailwindcss_oxide::scanner: Discovering "/Volumes/homes/adminLAZENIA/python/PinadaSun/src/app/api/auth/reset-password"
2026-10-06T21:18:56.676518Z  INFO scan_sources: tailwindcss_oxide::scanner: Discovering "/Volumes/homes/adminLAZENIA/python/PinadaSun/src/app/api/auth/reset-password/route.ts"
2026-10-06T21:18:56.678443Z  INFO scan_sources: tailwindcss_oxide::scanner: Discovering "/Volumes/homes/adminLAZENIA/python/PinadaSun/src/app/api/blocked"
2026-10-06T21:18:56.678509Z  INFO scan_sources: tailwindcss_oxide::scanner: Discovering "/Volumes/homes/adminLAZENIA/python/PinadaSun/src/app/api/blocked/route.ts"
2026-10-06T21:18:56.683813Z  INFO scan_sources: tailwindcss_oxide::scanner: Discovering "/Volumes/homes/adminLAZENIA/python/PinadaSun/src/app/api/bookings"
2026-10-06T21:18:56.686455Z  INFO scan_sources: tailwindcss_oxide::scanner: Discovering "/Volumes/homes/adminLAZENIA/python/PinadaSun/src/app/api/bookings/[id]"
2026-10-06T21:18:56.686525Z  INFO scan_sources: tailwindcss_oxide::scanner: Discovering "/Volumes/homes/adminLAZENIA/python/PinadaSun/src/app/api/bookings/[id]/route.ts"
2026-10-06T21:18:56.686552Z  INFO scan_sources: tailwindcss_oxide::scanner: Discovering "/Volumes/homes/adminLAZENIA/python/PinadaSun/src/app/api/bookings/route.ts"
2026-10-06T21:18:56.690483Z  INFO scan_sources: tailwindcss_oxide::scanner: Discovering "/Volumes/homes/adminLAZENIA/python/PinadaSun/src/app/api/calendar"
2026-10-06T21:18:56.690560Z  INFO scan_sources: tailwindcss_oxide::scanner: Discovering "/Volumes/homes/adminLAZENIA/python/PinadaSun/src/app/api/calendar/route.ts"
2026-10-06T21:18:56.694461Z  INFO scan_sources: tailwindcss_oxide::scanner: Discovering "/Volumes/homes/adminLAZENIA/python/PinadaSun/src/app/api/health"
2026-10-06T21:18:56.694532Z  INFO scan_sources: tailwindcss_oxide::scanner: Discovering "/Volumes/homes/adminLAZENIA/python/PinadaSun/src/app/api/health/route.ts"
2026-10-06T21:18:56.696433Z  INFO scan_sources: tailwindcss_oxide::scanner: Discovering "/Volumes/homes/adminLAZENIA/python/PinadaSun/src/app/api/panel"
2026-10-06T21:18:56.696487Z  INFO scan_sources: tailwindcss_oxide::scanner: Discovering "/Volumes/homes/adminLAZENIA/python/PinadaSun/src/app/api/panel/route.ts"
2026-10-06T21:18:56.698439Z  INFO scan_sources: tailwindcss_oxide::scanner: Discovering "/Volumes/homes/adminLAZENIA/python/PinadaSun/src/app/api/analytics"
2026-10-06T21:18:56.700430Z  INFO scan_sources: tailwindcss_oxide::scanner: Discovering "/Volumes/homes/adminLAZENIA/python/PinadaSun/src/app/api/analytics/ping"
2026-10-06T21:18:56.700488Z  INFO scan_sources: tailwindcss_oxide::scanner: Discovering "/Volumes/homes/adminLAZENIA/python/PinadaSun/src/app/api/analytics/ping/route.ts"
2026-10-06T21:18:56.704452Z  INFO scan_sources: tailwindcss_oxide::scanner: Discovering "/Volumes/homes/adminLAZENIA/python/PinadaSun/src/app/api/analytics/stats"
2026-10-06T21:18:56.704521Z  INFO scan_sources: tailwindcss_oxide::scanner: Discovering "/Volumes/homes/adminLAZENIA/python/PinadaSun/src/app/api/analytics/stats/route.ts"
2026-10-06T21:18:56.708473Z  INFO scan_sources: tailwindcss_oxide::scanner: Discovering "/Volumes/homes/adminLAZENIA/python/PinadaSun/src/app/api/analytics/track"
2026-10-06T21:18:56.708550Z  INFO scan_sources: tailwindcss_oxide::scanner: Discovering "/Volumes/homes/adminLAZENIA/python/PinadaSun/src/app/api/analytics/track/route.ts"
2026-10-06T21:18:56.710454Z  INFO scan_sources: tailwindcss_oxide::scanner: Discovering "/Volumes/homes/adminLAZENIA/python/PinadaSun/src/app/en"
2026-10-06T21:18:56.710529Z  INFO scan_sources: tailwindcss_oxide::scanner: Discovering "/Volumes/homes/adminLAZENIA/python/PinadaSun/src/app/en/page.tsx"
2026-10-06T21:18:56.714459Z  INFO scan_sources: tailwindcss_oxide::scanner: Discovering "/Volumes/homes/adminLAZENIA/python/PinadaSun/src/app/en/guia-local"
2026-10-06T21:18:56.717280Z  INFO scan_sources: tailwindcss_oxide::scanner: Discovering "/Volumes/homes/adminLAZENIA/python/PinadaSun/src/app/en/guia-local/costumbres-y-normas"
2026-10-06T21:18:56.717352Z  INFO scan_sources: tailwindcss_oxide::scanner: Discovering "/Volumes/homes/adminLAZENIA/python/PinadaSun/src/app/en/guia-local/costumbres-y-normas/page.tsx"
2026-10-06T21:18:56.720436Z  INFO scan_sources: tailwindcss_oxide::scanner: Discovering "/Volumes/homes/adminLAZENIA/python/PinadaSun/src/app/en/guia-local/nueva-ley-tabaco-terrazas"
2026-10-06T21:18:56.720505Z  INFO scan_sources: tailwindcss_oxide::scanner: Discovering "/Volumes/homes/adminLAZENIA/python/PinadaSun/src/app/en/guia-local/nueva-ley-tabaco-terrazas/page.tsx"
2026-10-06T21:18:56.720537Z  INFO scan_sources: tailwindcss_oxide::scanner: Discovering "/Volumes/homes/adminLAZENIA/python/PinadaSun/src/app/en/guia-local/page.tsx"
2026-10-06T21:18:56.722438Z  INFO scan_sources: tailwindcss_oxide::scanner: Discovering "/Volumes/homes/adminLAZENIA/python/PinadaSun/src/app/en/guia-normativa-orihuela-costa"
2026-10-06T21:18:56.722495Z  INFO scan_sources: tailwindcss_oxide::scanner: Discovering "/Volumes/homes/adminLAZENIA/python/PinadaSun/src/app/en/guia-normativa-orihuela-costa/page.tsx"
2026-10-06T21:18:56.724445Z  INFO scan_sources: tailwindcss_oxide::scanner: Discovering "/Volumes/homes/adminLAZENIA/python/PinadaSun/src/app/en/long-stays"
2026-10-06T21:18:56.724512Z  INFO scan_sources: tailwindcss_oxide::scanner: Discovering "/Volumes/homes/adminLAZENIA/python/PinadaSun/src/app/en/long-stays/page.tsx"
2026-10-06T21:18:56.726435Z  INFO scan_sources: tailwindcss_oxide::scanner: Discovering "/Volumes/homes/adminLAZENIA/python/PinadaSun/src/app/guia-local"
2026-10-06T21:18:56.728450Z  INFO scan_sources: tailwindcss_oxide::scanner: Discovering "/Volumes/homes/adminLAZENIA/python/PinadaSun/src/app/guia-local/costumbres-y-normas"
2026-10-06T21:18:56.728526Z  INFO scan_sources: tailwindcss_oxide::scanner: Discovering "/Volumes/homes/adminLAZENIA/python/PinadaSun/src/app/guia-local/costumbres-y-normas/page.tsx"
2026-10-06T21:18:56.728554Z  INFO scan_sources: tailwindcss_oxide::scanner: Discovering "/Volumes/homes/adminLAZENIA/python/PinadaSun/src/app/guia-local/page.tsx"
2026-10-06T21:18:56.730447Z  INFO scan_sources: tailwindcss_oxide::scanner: Discovering "/Volumes/homes/adminLAZENIA/python/PinadaSun/src/app/guia-local/nueva-ley-tabaco-terrazas"
2026-10-06T21:18:56.730523Z  INFO scan_sources: tailwindcss_oxide::scanner: Discovering "/Volumes/homes/adminLAZENIA/python/PinadaSun/src/app/guia-local/nueva-ley-tabaco-terrazas/page.tsx"
2026-10-06T21:18:56.732462Z  INFO scan_sources: tailwindcss_oxide::scanner: Discovering "/Volumes/homes/adminLAZENIA/python/PinadaSun/src/app/guia-local/normas-rotondas-espana"
2026-10-06T21:18:56.732539Z  INFO scan_sources: tailwindcss_oxide::scanner: Discovering "/Volumes/homes/adminLAZENIA/python/PinadaSun/src/app/guia-local/normas-rotondas-espana/page.tsx"
2026-10-06T21:18:56.734455Z  INFO scan_sources: tailwindcss_oxide::scanner: Discovering "/Volumes/homes/adminLAZENIA/python/PinadaSun/src/app/guia-normativa-orihuela-costa"
2026-10-06T21:18:56.734538Z  INFO scan_sources: tailwindcss_oxide::scanner: Discovering "/Volumes/homes/adminLAZENIA/python/PinadaSun/src/app/guia-normativa-orihuela-costa/page.tsx"
2026-10-06T21:18:56.736441Z  INFO scan_sources: tailwindcss_oxide::scanner: Discovering "/Volumes/homes/adminLAZENIA/python/PinadaSun/src/app/panel"
2026-10-06T21:18:56.736506Z  INFO scan_sources: tailwindcss_oxide::scanner: Discovering "/Volumes/homes/adminLAZENIA/python/PinadaSun/src/app/panel/page.tsx"
2026-10-06T21:18:56.738438Z  INFO scan_sources: tailwindcss_oxide::scanner: Discovering "/Volumes/homes/adminLAZENIA/python/PinadaSun/src/app/panel/reset"
2026-10-06T21:18:56.738499Z  INFO scan_sources: tailwindcss_oxide::scanner: Discovering "/Volumes/homes/adminLAZENIA/python/PinadaSun/src/app/panel/reset/page.tsx"
2026-10-06T21:18:56.738530Z  INFO scan_sources: tailwindcss_oxide::scanner: Discovering "/Volumes/homes/adminLAZENIA/python/PinadaSun/src/app/globals.css"
2026-10-06T21:18:56.738554Z  INFO scan_sources: tailwindcss_oxide::scanner: Discovering "/Volumes/homes/adminLAZENIA/python/PinadaSun/src/app/layout.tsx"
2026-10-06T21:18:56.738572Z  INFO scan_sources: tailwindcss_oxide::scanner: Discovering "/Volumes/homes/adminLAZENIA/python/PinadaSun/src/app/manifest.ts"
2026-10-06T21:18:56.738591Z  INFO scan_sources: tailwindcss_oxide::scanner: Discovering "/Volumes/homes/adminLAZENIA/python/PinadaSun/src/app/not-found.tsx"
2026-10-06T21:18:56.738608Z  INFO scan_sources: tailwindcss_oxide::scanner: Discovering "/Volumes/homes/adminLAZENIA/python/PinadaSun/src/app/page.tsx"
2026-10-06T21:18:56.738624Z  INFO scan_sources: tailwindcss_oxide::scanner: Discovering "/Volumes/homes/adminLAZENIA/python/PinadaSun/src/app/robots.ts"
2026-10-06T21:18:56.738641Z  INFO scan_sources: tailwindcss_oxide::scanner: Discovering "/Volumes/homes/adminLAZENIA/python/PinadaSun/src/app/sitemap.ts"
2026-10-06T21:18:56.740440Z  INFO scan_sources: tailwindcss_oxide::scanner: Discovering "/Volumes/homes/adminLAZENIA/python/PinadaSun/src/app/larga-estancia"
2026-10-06T21:18:56.740500Z  INFO scan_sources: tailwindcss_oxide::scanner: Discovering "/Volumes/homes/adminLAZENIA/python/PinadaSun/src/app/larga-estancia/page.tsx"
2026-10-06T21:18:56.742445Z  INFO scan_sources: tailwindcss_oxide::scanner: Discovering "/Volumes/homes/adminLAZENIA/python/PinadaSun/src/components"
2026-10-06T21:18:56.744432Z  INFO scan_sources: tailwindcss_oxide::scanner: Discovering "/Volumes/homes/adminLAZENIA/python/PinadaSun/src/components/booking"
2026-10-06T21:18:56.744497Z  INFO scan_sources: tailwindcss_oxide::scanner: Discovering "/Volumes/homes/adminLAZENIA/python/PinadaSun/src/components/booking/booking-widget.tsx"
2026-10-06T21:18:56.744518Z  INFO scan_sources: tailwindcss_oxide::scanner: Discovering "/Volumes/homes/adminLAZENIA/python/PinadaSun/src/components/booking/calendar.tsx"
2026-10-06T21:18:56.744542Z  INFO scan_sources: tailwindcss_oxide::scanner: Discovering "/Volumes/homes/adminLAZENIA/python/PinadaSun/src/components/cookie-banner.tsx"
2026-10-06T21:18:56.744561Z  INFO scan_sources: tailwindcss_oxide::scanner: Discovering "/Volumes/homes/adminLAZENIA/python/PinadaSun/src/components/gallery-slider.tsx"
2026-10-06T21:18:56.744577Z  INFO scan_sources: tailwindcss_oxide::scanner: Discovering "/Volumes/homes/adminLAZENIA/python/PinadaSun/src/components/header.tsx"
2026-10-06T21:18:56.744594Z  INFO scan_sources: tailwindcss_oxide::scanner: Discovering "/Volumes/homes/adminLAZENIA/python/PinadaSun/src/components/icons.tsx"
2026-10-06T21:18:56.744610Z  INFO scan_sources: tailwindcss_oxide::scanner: Discovering "/Volumes/homes/adminLAZENIA/python/PinadaSun/src/components/interactive-map.tsx"
2026-10-06T21:18:56.744627Z  INFO scan_sources: tailwindcss_oxide::scanner: Discovering "/Volumes/homes/adminLAZENIA/python/PinadaSun/src/components/logo.tsx"
2026-10-06T21:18:56.744646Z  INFO scan_sources: tailwindcss_oxide::scanner: Discovering "/Volumes/homes/adminLAZENIA/python/PinadaSun/src/components/partner-logos.tsx"
2026-10-06T21:18:56.744663Z  INFO scan_sources: tailwindcss_oxide::scanner: Discovering "/Volumes/homes/adminLAZENIA/python/PinadaSun/src/components/reveal.tsx"
2026-10-06T21:18:56.744687Z  INFO scan_sources: tailwindcss_oxide::scanner: Discovering "/Volumes/homes/adminLAZENIA/python/PinadaSun/src/components/structured-data.tsx"
2026-10-06T21:18:56.744705Z  INFO scan_sources: tailwindcss_oxide::scanner: Discovering "/Volumes/homes/adminLAZENIA/python/PinadaSun/src/components/analytics-tracker.tsx"
2026-10-06T21:18:56.744725Z  INFO scan_sources: tailwindcss_oxide::scanner: Discovering "/Volumes/homes/adminLAZENIA/python/PinadaSun/src/components/visit-counter.tsx"
2026-10-06T21:18:56.748463Z  INFO scan_sources: tailwindcss_oxide::scanner: Discovering "/Volumes/homes/adminLAZENIA/python/PinadaSun/src/db"
2026-10-06T21:18:56.748528Z  INFO scan_sources: tailwindcss_oxide::scanner: Discovering "/Volumes/homes/adminLAZENIA/python/PinadaSun/src/db/index.ts"
2026-10-06T21:18:56.748551Z  INFO scan_sources: tailwindcss_oxide::scanner: Discovering "/Volumes/homes/adminLAZENIA/python/PinadaSun/src/db/schema.ts"
2026-10-06T21:18:56.750439Z  INFO scan_sources: tailwindcss_oxide::scanner: Discovering "/Volumes/homes/adminLAZENIA/python/PinadaSun/src/lib"
2026-10-06T21:18:56.750501Z  INFO scan_sources: tailwindcss_oxide::scanner: Discovering "/Volumes/homes/adminLAZENIA/python/PinadaSun/src/lib/apartment.ts"
2026-10-06T21:18:56.750521Z  INFO scan_sources: tailwindcss_oxide::scanner: Discovering "/Volumes/homes/adminLAZENIA/python/PinadaSun/src/lib/auth.ts"
2026-10-06T21:18:56.750538Z  INFO scan_sources: tailwindcss_oxide::scanner: Discovering "/Volumes/homes/adminLAZENIA/python/PinadaSun/src/lib/dates.ts"
2026-10-06T21:18:56.750555Z  INFO scan_sources: tailwindcss_oxide::scanner: Discovering "/Volumes/homes/adminLAZENIA/python/PinadaSun/src/lib/store.ts"
2026-10-06T21:18:56.750573Z  INFO scan_sources: tailwindcss_oxide::scanner: Discovering "/Volumes/homes/adminLAZENIA/python/PinadaSun/src/lib/security.ts"
2026-10-06T21:18:56.750592Z  INFO scan_sources: tailwindcss_oxide::scanner: Discovering "/Volumes/homes/adminLAZENIA/python/PinadaSun/src/lib/analytics.ts"
2026-10-06T21:18:56.772466Z  INFO scan_sources: tailwindcss_oxide::scanner: Discovering "/Volumes/homes/adminLAZENIA/python/PinadaSun/reporte_pinadasun.sh"
2026-10-06T21:18:56.772503Z  INFO scan_sources: tailwindcss_oxide::scanner: Discovering "/Volumes/homes/adminLAZENIA/python/PinadaSun/fastapi_tracker.py"
2026-10-06T21:18:56.772529Z  INFO scan_sources: tailwindcss_oxide::scanner: Discovering "/Volumes/homes/adminLAZENIA/python/PinadaSun/test_db.ts"
2026-10-06T21:18:56.772604Z  INFO scan_sources: tailwindcss_oxide::scanner: exit
2026-10-06T21:18:56.772613Z  INFO extract_candidates: tailwindcss_oxide::scanner: enter
2026-10-06T21:18:56.772623Z  INFO extract_candidates:read_all_files: tailwindcss_oxide::scanner: enter
2026-10-06T21:18:56.772627Z  INFO extract_candidates:read_all_files: tailwindcss_oxide::scanner: Reading 69 file(s)
2026-10-06T21:18:56.780436Z  INFO tailwindcss_oxide::scanner: Reading "/Volumes/homes/adminLAZENIA/python/PinadaSun/.dockerignore"
2026-10-06T21:18:56.792471Z  INFO tailwindcss_oxide::scanner: Reading "/Volumes/homes/adminLAZENIA/python/PinadaSun/src/app/guia-local/normas-rotondas-espana/page.tsx"
2026-10-06T21:18:56.794456Z  INFO tailwindcss_oxide::scanner: Reading "/Volumes/homes/adminLAZENIA/python/PinadaSun/.env.example"
2026-10-06T21:18:56.794461Z  INFO tailwindcss_oxide::scanner: Reading "/Volumes/homes/adminLAZENIA/python/PinadaSun/src/app/en/page.tsx"
2026-10-06T21:18:56.794463Z  INFO tailwindcss_oxide::scanner: Reading "/Volumes/homes/adminLAZENIA/python/PinadaSun/src/app/api/bookings/[id]/route.ts"
2026-10-06T21:18:56.800454Z  INFO tailwindcss_oxide::scanner: Reading "/Volumes/homes/adminLAZENIA/python/PinadaSun/src/app/guia-normativa-orihuela-costa/page.tsx"
2026-10-06T21:18:56.802435Z  INFO tailwindcss_oxide::scanner: Reading "/Volumes/homes/adminLAZENIA/python/PinadaSun/src/app/api/bookings/route.ts"
2026-10-06T21:18:56.802442Z  INFO tailwindcss_oxide::scanner: Reading "/Volumes/homes/adminLAZENIA/python/PinadaSun/src/app/en/guia-local/costumbres-y-normas/page.tsx"
2026-10-06T21:18:56.804426Z  INFO tailwindcss_oxide::scanner: Reading "/Volumes/homes/adminLAZENIA/python/PinadaSun/Dockerfile"
2026-10-06T21:18:56.812424Z  INFO tailwindcss_oxide::scanner: Reading "/Volumes/homes/adminLAZENIA/python/PinadaSun/src/app/api/calendar/route.ts"
2026-10-06T21:18:56.812425Z  INFO tailwindcss_oxide::scanner: Reading "/Volumes/homes/adminLAZENIA/python/PinadaSun/docker-compose.yml"
2026-10-06T21:18:56.812424Z  INFO tailwindcss_oxide::scanner: Reading "/Volumes/homes/adminLAZENIA/python/PinadaSun/src/app/en/guia-local/nueva-ley-tabaco-terrazas/page.tsx"
2026-10-06T21:18:56.814668Z  INFO tailwindcss_oxide::scanner: Reading "/Volumes/homes/adminLAZENIA/python/PinadaSun/src/app/panel/page.tsx"
2026-10-06T21:18:56.820427Z  INFO tailwindcss_oxide::scanner: Reading "/Volumes/homes/adminLAZENIA/python/PinadaSun/src/app/en/guia-local/page.tsx"
2026-10-06T21:18:56.824474Z  INFO tailwindcss_oxide::scanner: Reading "/Volumes/homes/adminLAZENIA/python/PinadaSun/drizzle.config.json"
2026-10-06T21:18:56.824553Z  INFO tailwindcss_oxide::scanner: Reading "/Volumes/homes/adminLAZENIA/python/PinadaSun/src/app/api/health/route.ts"
2026-10-06T21:18:56.826458Z  INFO tailwindcss_oxide::scanner: Reading "/Volumes/homes/adminLAZENIA/python/PinadaSun/src/app/panel/reset/page.tsx"
2026-10-06T21:18:56.832466Z  INFO tailwindcss_oxide::scanner: Reading "/Volumes/homes/adminLAZENIA/python/PinadaSun/src/app/en/guia-normativa-orihuela-costa/page.tsx"
2026-10-06T21:18:56.834437Z  INFO tailwindcss_oxide::scanner: Reading "/Volumes/homes/adminLAZENIA/python/PinadaSun/src/app/layout.tsx"
2026-10-06T21:18:56.834457Z  INFO tailwindcss_oxide::scanner: Reading "/Volumes/homes/adminLAZENIA/python/PinadaSun/src/app/api/panel/route.ts"
2026-10-06T21:18:56.840470Z  INFO tailwindcss_oxide::scanner: Reading "/Volumes/homes/adminLAZENIA/python/PinadaSun/drizzle.config.ts"
2026-10-06T21:18:56.842429Z  INFO tailwindcss_oxide::scanner: Reading "/Volumes/homes/adminLAZENIA/python/PinadaSun/src/app/manifest.ts"
2026-10-06T21:18:56.844488Z  INFO tailwindcss_oxide::scanner: Reading "/Volumes/homes/adminLAZENIA/python/PinadaSun/src/app/api/analytics/ping/route.ts"
2026-10-06T21:18:56.846412Z  INFO tailwindcss_oxide::scanner: Reading "/Volumes/homes/adminLAZENIA/python/PinadaSun/src/app/en/long-stays/page.tsx"
2026-10-06T21:18:56.848449Z  INFO tailwindcss_oxide::scanner: Reading "/Volumes/homes/adminLAZENIA/python/PinadaSun/src/app/not-found.tsx"
2026-10-06T21:18:56.854456Z  INFO tailwindcss_oxide::scanner: Reading "/Volumes/homes/adminLAZENIA/python/PinadaSun/src/app/api/analytics/stats/route.ts"
2026-10-06T21:18:56.854468Z  INFO tailwindcss_oxide::scanner: Reading "/Volumes/homes/adminLAZENIA/python/PinadaSun/eslint.config.mjs"
2026-10-06T21:18:56.854457Z  INFO tailwindcss_oxide::scanner: Reading "/Volumes/homes/adminLAZENIA/python/PinadaSun/src/app/page.tsx"
2026-10-06T21:18:56.856550Z  INFO tailwindcss_oxide::scanner: Reading "/Volumes/homes/adminLAZENIA/python/PinadaSun/src/app/guia-local/costumbres-y-normas/page.tsx"
2026-10-06T21:18:56.856646Z  INFO tailwindcss_oxide::scanner: Reading "/Volumes/homes/adminLAZENIA/python/PinadaSun/src/app/guia-local/page.tsx"
2026-10-06T21:18:56.860503Z  INFO tailwindcss_oxide::scanner: Reading "/Volumes/homes/adminLAZENIA/python/PinadaSun/src/app/robots.ts"
2026-10-06T21:18:56.860517Z  INFO tailwindcss_oxide::scanner: Reading "/Volumes/homes/adminLAZENIA/python/PinadaSun/next.config.ts"
2026-10-06T21:18:56.860575Z  INFO tailwindcss_oxide::scanner: Reading "/Volumes/homes/adminLAZENIA/python/PinadaSun/package.json"
2026-10-06T21:18:56.864441Z  INFO tailwindcss_oxide::scanner: Reading "/Volumes/homes/adminLAZENIA/python/PinadaSun/src/app/api/analytics/track/route.ts"
2026-10-06T21:18:56.866424Z  INFO tailwindcss_oxide::scanner: Reading "/Volumes/homes/adminLAZENIA/python/PinadaSun/src/app/sitemap.ts"
2026-10-06T21:18:56.866423Z  INFO tailwindcss_oxide::scanner: Reading "/Volumes/homes/adminLAZENIA/python/PinadaSun/src/app/guia-local/nueva-ley-tabaco-terrazas/page.tsx"
2026-10-06T21:18:56.868435Z  INFO tailwindcss_oxide::scanner: Reading "/Volumes/homes/adminLAZENIA/python/PinadaSun/postcss.config.mjs"
2026-10-06T21:18:56.874458Z  INFO tailwindcss_oxide::scanner: Reading "/Volumes/homes/adminLAZENIA/python/PinadaSun/tsconfig.json"
2026-10-06T21:18:56.877128Z  INFO tailwindcss_oxide::scanner: Reading "/Volumes/homes/adminLAZENIA/python/PinadaSun/src/components/interactive-map.tsx"
2026-10-06T21:18:56.877127Z  INFO tailwindcss_oxide::scanner: Reading "/Volumes/homes/adminLAZENIA/python/PinadaSun/src/app/api/auth/logout/route.ts"
2026-10-06T21:18:56.884478Z  INFO tailwindcss_oxide::scanner: Reading "/Volumes/homes/adminLAZENIA/python/PinadaSun/src/app/api/auth/login/route.ts"
2026-10-06T21:18:56.884485Z  INFO tailwindcss_oxide::scanner: Reading "/Volumes/homes/adminLAZENIA/python/PinadaSun/src/components/logo.tsx"
2026-10-06T21:18:56.888632Z  INFO tailwindcss_oxide::scanner: Reading "/Volumes/homes/adminLAZENIA/python/PinadaSun/src/app/larga-estancia/page.tsx"
2026-10-06T21:18:56.891065Z  INFO tailwindcss_oxide::scanner: Reading "/Volumes/homes/adminLAZENIA/python/PinadaSun/src/app/api/auth/me/route.ts"
2026-10-06T21:18:56.894439Z  INFO tailwindcss_oxide::scanner: Reading "/Volumes/homes/adminLAZENIA/python/PinadaSun/src/lib/apartment.ts"
2026-10-06T21:18:56.894439Z  INFO tailwindcss_oxide::scanner: Reading "/Volumes/homes/adminLAZENIA/python/PinadaSun/src/components/partner-logos.tsx"
2026-10-06T21:18:56.898435Z  INFO tailwindcss_oxide::scanner: Reading "/Volumes/homes/adminLAZENIA/python/PinadaSun/src/components/booking/booking-widget.tsx"
2026-10-06T21:18:56.900431Z  INFO tailwindcss_oxide::scanner: Reading "/Volumes/homes/adminLAZENIA/python/PinadaSun/src/lib/auth.ts"
2026-10-06T21:18:56.900430Z  INFO tailwindcss_oxide::scanner: Reading "/Volumes/homes/adminLAZENIA/python/PinadaSun/src/app/api/auth/forgot-password/route.ts"
2026-10-06T21:18:56.902413Z  INFO tailwindcss_oxide::scanner: Reading "/Volumes/homes/adminLAZENIA/python/PinadaSun/src/components/reveal.tsx"
2026-10-06T21:18:56.906445Z  INFO tailwindcss_oxide::scanner: Reading "/Volumes/homes/adminLAZENIA/python/PinadaSun/src/components/booking/calendar.tsx"
2026-10-06T21:18:56.908445Z  INFO tailwindcss_oxide::scanner: Reading "/Volumes/homes/adminLAZENIA/python/PinadaSun/src/lib/dates.ts"
2026-10-06T21:18:56.910431Z  INFO tailwindcss_oxide::scanner: Reading "/Volumes/homes/adminLAZENIA/python/PinadaSun/src/components/structured-data.tsx"
2026-10-06T21:18:56.912421Z  INFO tailwindcss_oxide::scanner: Reading "/Volumes/homes/adminLAZENIA/python/PinadaSun/src/app/api/auth/reset-password/route.ts"
2026-10-06T21:18:56.912443Z  INFO tailwindcss_oxide::scanner: Reading "/Volumes/homes/adminLAZENIA/python/PinadaSun/src/components/cookie-banner.tsx"
2026-10-06T21:18:56.914425Z  INFO tailwindcss_oxide::scanner: Reading "/Volumes/homes/adminLAZENIA/python/PinadaSun/src/lib/store.ts"
2026-10-06T21:18:56.916415Z  INFO tailwindcss_oxide::scanner: Reading "/Volumes/homes/adminLAZENIA/python/PinadaSun/src/components/analytics-tracker.tsx"
2026-10-06T21:18:56.922422Z  INFO tailwindcss_oxide::scanner: Reading "/Volumes/homes/adminLAZENIA/python/PinadaSun/src/app/api/blocked/route.ts"
2026-10-06T21:18:56.922438Z  INFO tailwindcss_oxide::scanner: Reading "/Volumes/homes/adminLAZENIA/python/PinadaSun/src/components/gallery-slider.tsx"
2026-10-06T21:18:56.922422Z  INFO tailwindcss_oxide::scanner: Reading "/Volumes/homes/adminLAZENIA/python/PinadaSun/src/lib/security.ts"
2026-10-06T21:18:56.924428Z  INFO tailwindcss_oxide::scanner: Reading "/Volumes/homes/adminLAZENIA/python/PinadaSun/src/components/visit-counter.tsx"
2026-10-06T21:18:56.928419Z  INFO tailwindcss_oxide::scanner: Reading "/Volumes/homes/adminLAZENIA/python/PinadaSun/src/lib/analytics.ts"
2026-10-06T21:18:56.928420Z  INFO tailwindcss_oxide::scanner: Reading "/Volumes/homes/adminLAZENIA/python/PinadaSun/src/components/header.tsx"
2026-10-06T21:18:56.934429Z  INFO tailwindcss_oxide::scanner: Reading "/Volumes/homes/adminLAZENIA/python/PinadaSun/reporte_pinadasun.sh"
2026-10-06T21:18:56.936420Z  INFO tailwindcss_oxide::scanner: Reading "/Volumes/homes/adminLAZENIA/python/PinadaSun/src/components/icons.tsx"
2026-10-06T21:18:56.936421Z  INFO tailwindcss_oxide::scanner: Reading "/Volumes/homes/adminLAZENIA/python/PinadaSun/src/db/index.ts"
2026-10-06T21:18:56.944431Z  INFO tailwindcss_oxide::scanner: Reading "/Volumes/homes/adminLAZENIA/python/PinadaSun/src/db/schema.ts"
2026-10-06T21:18:56.944440Z  INFO tailwindcss_oxide::scanner: Reading "/Volumes/homes/adminLAZENIA/python/PinadaSun/fastapi_tracker.py"
2026-10-06T21:18:56.948422Z  INFO tailwindcss_oxide::scanner: Reading "/Volumes/homes/adminLAZENIA/python/PinadaSun/test_db.ts"
2026-10-06T21:18:56.984547Z  INFO extract_candidates:read_all_files: tailwindcss_oxide::scanner: exit
2026-10-06T21:18:56.984570Z  INFO extract_candidates:parse_all_blobs: tailwindcss_oxide::scanner: enter
2026-10-06T21:18:56.984581Z  INFO extract_candidates:parse_all_blobs:extract: tailwindcss_oxide::scanner: enter
2026-10-06T21:18:57.054763Z  INFO extract_candidates:parse_all_blobs:extract: tailwindcss_oxide::scanner: exit
2026-10-06T21:18:57.054808Z  INFO extract_candidates:parse_all_blobs: tailwindcss_oxide::scanner: exit
2026-10-06T21:18:57.054816Z  INFO extract_candidates:read_all_files: tailwindcss_oxide::scanner: enter
2026-10-06T21:18:57.054820Z  INFO extract_candidates:read_all_files: tailwindcss_oxide::scanner: Reading 1 file(s)
2026-10-06T21:18:57.064436Z  INFO extract_candidates:read_all_files: tailwindcss_oxide::scanner: Reading "/Volumes/homes/adminLAZENIA/python/PinadaSun/src/app/globals.css"
2026-10-06T21:18:57.064467Z  INFO extract_candidates:read_all_files: tailwindcss_oxide::scanner: exit
2026-10-06T21:18:57.064475Z  INFO extract_candidates:extract_css_variables: tailwindcss_oxide::scanner: enter
2026-10-06T21:18:57.064480Z  INFO extract_candidates:extract_css_variables:extract: tailwindcss_oxide::scanner: enter
2026-10-06T21:18:57.064650Z  INFO extract_candidates:extract_css_variables:extract: tailwindcss_oxide::scanner: exit
2026-10-06T21:18:57.064658Z  INFO extract_candidates:extract_css_variables: tailwindcss_oxide::scanner: exit
2026-10-06T21:18:57.147827Z  INFO extract_candidates: tailwindcss_oxide::scanner: exit
2026-10-06T21:18:57.152718Z  INFO get_files: tailwindcss_oxide::scanner: enter
2026-10-06T21:18:57.152740Z  INFO get_files:scan_sources: tailwindcss_oxide::scanner: enter
2026-10-06T21:18:57.162822Z  INFO get_files:scan_sources: tailwindcss_oxide::scanner: Discovering "/Volumes/homes/adminLAZENIA/python/PinadaSun/public"
2026-10-06T21:18:57.164456Z  INFO get_files:scan_sources: tailwindcss_oxide::scanner: Discovering "/Volumes/homes/adminLAZENIA/python/PinadaSun/public/images"
2026-10-06T21:18:57.166441Z  INFO get_files:scan_sources: tailwindcss_oxide::scanner: Discovering "/Volumes/homes/adminLAZENIA/python/PinadaSun/src"
2026-10-06T21:18:57.168444Z  INFO get_files:scan_sources: tailwindcss_oxide::scanner: Discovering "/Volumes/homes/adminLAZENIA/python/PinadaSun/src/app"
2026-10-06T21:18:57.170461Z  INFO get_files:scan_sources: tailwindcss_oxide::scanner: Discovering "/Volumes/homes/adminLAZENIA/python/PinadaSun/src/app/api"
2026-10-06T21:18:57.172446Z  INFO get_files:scan_sources: tailwindcss_oxide::scanner: Discovering "/Volumes/homes/adminLAZENIA/python/PinadaSun/src/app/api/auth"
2026-10-06T21:18:57.174467Z  INFO get_files:scan_sources: tailwindcss_oxide::scanner: Discovering "/Volumes/homes/adminLAZENIA/python/PinadaSun/src/app/api/auth/login"
2026-10-06T21:18:57.176857Z  INFO get_files:scan_sources: tailwindcss_oxide::scanner: Discovering "/Volumes/homes/adminLAZENIA/python/PinadaSun/src/app/api/auth/logout"
2026-10-06T21:18:57.180463Z  INFO get_files:scan_sources: tailwindcss_oxide::scanner: Discovering "/Volumes/homes/adminLAZENIA/python/PinadaSun/src/app/api/auth/me"
2026-10-06T21:18:57.182998Z  INFO get_files:scan_sources: tailwindcss_oxide::scanner: Discovering "/Volumes/homes/adminLAZENIA/python/PinadaSun/src/app/api/auth/forgot-password"
2026-10-06T21:18:57.186475Z  INFO get_files:scan_sources: tailwindcss_oxide::scanner: Discovering "/Volumes/homes/adminLAZENIA/python/PinadaSun/src/app/api/auth/reset-password"
2026-10-06T21:18:57.188457Z  INFO get_files:scan_sources: tailwindcss_oxide::scanner: Discovering "/Volumes/homes/adminLAZENIA/python/PinadaSun/src/app/api/blocked"
2026-10-06T21:18:57.190542Z  INFO get_files:scan_sources: tailwindcss_oxide::scanner: Discovering "/Volumes/homes/adminLAZENIA/python/PinadaSun/src/app/api/bookings"
2026-10-06T21:18:57.195925Z  INFO get_files:scan_sources: tailwindcss_oxide::scanner: Discovering "/Volumes/homes/adminLAZENIA/python/PinadaSun/src/app/api/bookings/[id]"
2026-10-06T21:18:57.198451Z  INFO get_files:scan_sources: tailwindcss_oxide::scanner: Discovering "/Volumes/homes/adminLAZENIA/python/PinadaSun/src/app/api/calendar"
2026-10-06T21:18:57.200432Z  INFO get_files:scan_sources: tailwindcss_oxide::scanner: Discovering "/Volumes/homes/adminLAZENIA/python/PinadaSun/src/app/api/health"
2026-10-06T21:18:57.202991Z  INFO get_files:scan_sources: tailwindcss_oxide::scanner: Discovering "/Volumes/homes/adminLAZENIA/python/PinadaSun/src/app/api/panel"
2026-10-06T21:18:57.204517Z  INFO get_files:scan_sources: tailwindcss_oxide::scanner: Discovering "/Volumes/homes/adminLAZENIA/python/PinadaSun/src/app/api/analytics"
2026-10-06T21:18:57.206495Z  INFO get_files:scan_sources: tailwindcss_oxide::scanner: Discovering "/Volumes/homes/adminLAZENIA/python/PinadaSun/src/app/api/analytics/ping"
2026-10-06T21:18:57.208515Z  INFO get_files:scan_sources: tailwindcss_oxide::scanner: Discovering "/Volumes/homes/adminLAZENIA/python/PinadaSun/src/app/api/analytics/stats"
2026-10-06T21:18:57.210480Z  INFO get_files:scan_sources: tailwindcss_oxide::scanner: Discovering "/Volumes/homes/adminLAZENIA/python/PinadaSun/src/app/api/analytics/track"
2026-10-06T21:18:57.212434Z  INFO get_files:scan_sources: tailwindcss_oxide::scanner: Discovering "/Volumes/homes/adminLAZENIA/python/PinadaSun/src/app/en"
2026-10-06T21:18:57.214436Z  INFO get_files:scan_sources: tailwindcss_oxide::scanner: Discovering "/Volumes/homes/adminLAZENIA/python/PinadaSun/src/app/en/guia-local"
2026-10-06T21:18:57.216445Z  INFO get_files:scan_sources: tailwindcss_oxide::scanner: Discovering "/Volumes/homes/adminLAZENIA/python/PinadaSun/src/app/en/guia-local/costumbres-y-normas"
2026-10-06T21:18:57.218448Z  INFO get_files:scan_sources: tailwindcss_oxide::scanner: Discovering "/Volumes/homes/adminLAZENIA/python/PinadaSun/src/app/en/guia-local/nueva-ley-tabaco-terrazas"
2026-10-06T21:18:57.220500Z  INFO get_files:scan_sources: tailwindcss_oxide::scanner: Discovering "/Volumes/homes/adminLAZENIA/python/PinadaSun/src/app/en/guia-normativa-orihuela-costa"
2026-10-06T21:18:57.222490Z  INFO get_files:scan_sources: tailwindcss_oxide::scanner: Discovering "/Volumes/homes/adminLAZENIA/python/PinadaSun/src/app/en/long-stays"
2026-10-06T21:18:57.226463Z  INFO get_files:scan_sources: tailwindcss_oxide::scanner: Discovering "/Volumes/homes/adminLAZENIA/python/PinadaSun/src/app/guia-local"
2026-10-06T21:18:57.228466Z  INFO get_files:scan_sources: tailwindcss_oxide::scanner: Discovering "/Volumes/homes/adminLAZENIA/python/PinadaSun/src/app/guia-local/costumbres-y-normas"
2026-10-06T21:18:57.230444Z  INFO get_files:scan_sources: tailwindcss_oxide::scanner: Discovering "/Volumes/homes/adminLAZENIA/python/PinadaSun/src/app/guia-local/nueva-ley-tabaco-terrazas"
2026-10-06T21:18:57.232447Z  INFO get_files:scan_sources: tailwindcss_oxide::scanner: Discovering "/Volumes/homes/adminLAZENIA/python/PinadaSun/src/app/guia-local/normas-rotondas-espana"
2026-10-06T21:18:57.234433Z  INFO get_files:scan_sources: tailwindcss_oxide::scanner: Discovering "/Volumes/homes/adminLAZENIA/python/PinadaSun/src/app/guia-normativa-orihuela-costa"
2026-10-06T21:18:57.236725Z  INFO get_files:scan_sources: tailwindcss_oxide::scanner: Discovering "/Volumes/homes/adminLAZENIA/python/PinadaSun/src/app/panel"
2026-10-06T21:18:57.238426Z  INFO get_files:scan_sources: tailwindcss_oxide::scanner: Discovering "/Volumes/homes/adminLAZENIA/python/PinadaSun/src/app/panel/reset"
2026-10-06T21:18:57.240455Z  INFO get_files:scan_sources: tailwindcss_oxide::scanner: Discovering "/Volumes/homes/adminLAZENIA/python/PinadaSun/src/app/larga-estancia"
2026-10-06T21:18:57.242445Z  INFO get_files:scan_sources: tailwindcss_oxide::scanner: Discovering "/Volumes/homes/adminLAZENIA/python/PinadaSun/src/components"
2026-10-06T21:18:57.244509Z  INFO get_files:scan_sources: tailwindcss_oxide::scanner: Discovering "/Volumes/homes/adminLAZENIA/python/PinadaSun/src/components/booking"
2026-10-06T21:18:57.246419Z  INFO get_files:scan_sources: tailwindcss_oxide::scanner: Discovering "/Volumes/homes/adminLAZENIA/python/PinadaSun/src/db"
2026-10-06T21:18:57.248435Z  INFO get_files:scan_sources: tailwindcss_oxide::scanner: Discovering "/Volumes/homes/adminLAZENIA/python/PinadaSun/src/lib"
2026-10-06T21:18:57.250650Z  INFO get_files:scan_sources: tailwindcss_oxide::scanner: exit
2026-10-06T21:18:57.257580Z  INFO get_files: tailwindcss_oxide::scanner: exit
2026-10-06T21:18:57.257834Z  INFO get_globs: tailwindcss_oxide::scanner: enter
2026-10-06T21:18:57.257843Z  INFO get_globs:scan_sources: tailwindcss_oxide::scanner: enter
2026-10-06T21:18:57.266861Z  INFO get_globs:scan_sources: tailwindcss_oxide::scanner: Discovering "/Volumes/homes/adminLAZENIA/python/PinadaSun/public"
2026-10-06T21:18:57.268476Z  INFO get_globs:scan_sources: tailwindcss_oxide::scanner: Discovering "/Volumes/homes/adminLAZENIA/python/PinadaSun/public/images"
2026-10-06T21:18:57.270464Z  INFO get_globs:scan_sources: tailwindcss_oxide::scanner: Discovering "/Volumes/homes/adminLAZENIA/python/PinadaSun/src"
2026-10-06T21:18:57.272471Z  INFO get_globs:scan_sources: tailwindcss_oxide::scanner: Discovering "/Volumes/homes/adminLAZENIA/python/PinadaSun/src/app"
2026-10-06T21:18:57.274473Z  INFO get_globs:scan_sources: tailwindcss_oxide::scanner: Discovering "/Volumes/homes/adminLAZENIA/python/PinadaSun/src/app/api"
2026-10-06T21:18:57.276484Z  INFO get_globs:scan_sources: tailwindcss_oxide::scanner: Discovering "/Volumes/homes/adminLAZENIA/python/PinadaSun/src/app/api/auth"
2026-10-06T21:18:57.278488Z  INFO get_globs:scan_sources: tailwindcss_oxide::scanner: Discovering "/Volumes/homes/adminLAZENIA/python/PinadaSun/src/app/api/auth/login"
2026-10-06T21:18:57.280464Z  INFO get_globs:scan_sources: tailwindcss_oxide::scanner: Discovering "/Volumes/homes/adminLAZENIA/python/PinadaSun/src/app/api/auth/logout"
2026-10-06T21:18:57.282465Z  INFO get_globs:scan_sources: tailwindcss_oxide::scanner: Discovering "/Volumes/homes/adminLAZENIA/python/PinadaSun/src/app/api/auth/me"
2026-10-06T21:18:57.282591Z  INFO get_globs:scan_sources: tailwindcss_oxide::scanner: Discovering "/Volumes/homes/adminLAZENIA/python/PinadaSun/src/app/api/auth/forgot-password"
2026-10-06T21:18:57.282669Z  INFO get_globs:scan_sources: tailwindcss_oxide::scanner: Discovering "/Volumes/homes/adminLAZENIA/python/PinadaSun/src/app/api/auth/reset-password"
2026-10-06T21:18:57.282748Z  INFO get_globs:scan_sources: tailwindcss_oxide::scanner: Discovering "/Volumes/homes/adminLAZENIA/python/PinadaSun/src/app/api/blocked"
2026-10-06T21:18:57.282826Z  INFO get_globs:scan_sources: tailwindcss_oxide::scanner: Discovering "/Volumes/homes/adminLAZENIA/python/PinadaSun/src/app/api/bookings"
2026-10-06T21:18:57.282884Z  INFO get_globs:scan_sources: tailwindcss_oxide::scanner: Discovering "/Volumes/homes/adminLAZENIA/python/PinadaSun/src/app/api/bookings/[id]"
2026-10-06T21:18:57.282966Z  INFO get_globs:scan_sources: tailwindcss_oxide::scanner: Discovering "/Volumes/homes/adminLAZENIA/python/PinadaSun/src/app/api/calendar"
2026-10-06T21:18:57.283034Z  INFO get_globs:scan_sources: tailwindcss_oxide::scanner: Discovering "/Volumes/homes/adminLAZENIA/python/PinadaSun/src/app/api/health"
2026-10-06T21:18:57.283103Z  INFO get_globs:scan_sources: tailwindcss_oxide::scanner: Discovering "/Volumes/homes/adminLAZENIA/python/PinadaSun/src/app/api/panel"
2026-10-06T21:18:57.283171Z  INFO get_globs:scan_sources: tailwindcss_oxide::scanner: Discovering "/Volumes/homes/adminLAZENIA/python/PinadaSun/src/app/api/analytics"
2026-10-06T21:18:57.283228Z  INFO get_globs:scan_sources: tailwindcss_oxide::scanner: Discovering "/Volumes/homes/adminLAZENIA/python/PinadaSun/src/app/api/analytics/ping"
2026-10-06T21:18:57.283297Z  INFO get_globs:scan_sources: tailwindcss_oxide::scanner: Discovering "/Volumes/homes/adminLAZENIA/python/PinadaSun/src/app/api/analytics/stats"
2026-10-06T21:18:57.283364Z  INFO get_globs:scan_sources: tailwindcss_oxide::scanner: Discovering "/Volumes/homes/adminLAZENIA/python/PinadaSun/src/app/api/analytics/track"
2026-10-06T21:18:57.283438Z  INFO get_globs:scan_sources: tailwindcss_oxide::scanner: Discovering "/Volumes/homes/adminLAZENIA/python/PinadaSun/src/app/en"
2026-10-06T21:18:57.283507Z  INFO get_globs:scan_sources: tailwindcss_oxide::scanner: Discovering "/Volumes/homes/adminLAZENIA/python/PinadaSun/src/app/en/guia-local"
2026-10-06T21:18:57.283564Z  INFO get_globs:scan_sources: tailwindcss_oxide::scanner: Discovering "/Volumes/homes/adminLAZENIA/python/PinadaSun/src/app/en/guia-local/costumbres-y-normas"
2026-10-06T21:18:57.283660Z  INFO get_globs:scan_sources: tailwindcss_oxide::scanner: Discovering "/Volumes/homes/adminLAZENIA/python/PinadaSun/src/app/en/guia-local/nueva-ley-tabaco-terrazas"
2026-10-06T21:18:57.283786Z  INFO get_globs:scan_sources: tailwindcss_oxide::scanner: Discovering "/Volumes/homes/adminLAZENIA/python/PinadaSun/src/app/en/guia-normativa-orihuela-costa"
2026-10-06T21:18:57.283863Z  INFO get_globs:scan_sources: tailwindcss_oxide::scanner: Discovering "/Volumes/homes/adminLAZENIA/python/PinadaSun/src/app/en/long-stays"
2026-10-06T21:18:57.283936Z  INFO get_globs:scan_sources: tailwindcss_oxide::scanner: Discovering "/Volumes/homes/adminLAZENIA/python/PinadaSun/src/app/guia-local"
2026-10-06T21:18:57.283996Z  INFO get_globs:scan_sources: tailwindcss_oxide::scanner: Discovering "/Volumes/homes/adminLAZENIA/python/PinadaSun/src/app/guia-local/costumbres-y-normas"
2026-10-06T21:18:57.284076Z  INFO get_globs:scan_sources: tailwindcss_oxide::scanner: Discovering "/Volumes/homes/adminLAZENIA/python/PinadaSun/src/app/guia-local/nueva-ley-tabaco-terrazas"
2026-10-06T21:18:57.284150Z  INFO get_globs:scan_sources: tailwindcss_oxide::scanner: Discovering "/Volumes/homes/adminLAZENIA/python/PinadaSun/src/app/guia-local/normas-rotondas-espana"
2026-10-06T21:18:57.284223Z  INFO get_globs:scan_sources: tailwindcss_oxide::scanner: Discovering "/Volumes/homes/adminLAZENIA/python/PinadaSun/src/app/guia-normativa-orihuela-costa"
2026-10-06T21:18:57.284290Z  INFO get_globs:scan_sources: tailwindcss_oxide::scanner: Discovering "/Volumes/homes/adminLAZENIA/python/PinadaSun/src/app/panel"
2026-10-06T21:18:57.284355Z  INFO get_globs:scan_sources: tailwindcss_oxide::scanner: Discovering "/Volumes/homes/adminLAZENIA/python/PinadaSun/src/app/panel/reset"
2026-10-06T21:18:57.284493Z  INFO get_globs:scan_sources: tailwindcss_oxide::scanner: Discovering "/Volumes/homes/adminLAZENIA/python/PinadaSun/src/app/larga-estancia"
2026-10-06T21:18:57.286504Z  INFO get_globs:scan_sources: tailwindcss_oxide::scanner: Discovering "/Volumes/homes/adminLAZENIA/python/PinadaSun/src/components"
2026-10-06T21:18:57.288482Z  INFO get_globs:scan_sources: tailwindcss_oxide::scanner: Discovering "/Volumes/homes/adminLAZENIA/python/PinadaSun/src/components/booking"
2026-10-06T21:18:57.288713Z  INFO get_globs:scan_sources: tailwindcss_oxide::scanner: Discovering "/Volumes/homes/adminLAZENIA/python/PinadaSun/src/db"
2026-10-06T21:18:57.288797Z  INFO get_globs:scan_sources: tailwindcss_oxide::scanner: Discovering "/Volumes/homes/adminLAZENIA/python/PinadaSun/src/lib"
2026-10-06T21:18:57.289087Z  INFO get_globs:scan_sources: tailwindcss_oxide::scanner: exit
2026-10-06T21:18:57.347213Z  INFO get_globs: tailwindcss_oxide::scanner: exit
